// Jest Snapshot v1, https://goo.gl/fbAQLP

exports[`Home should match the snapshot 1`] = `
<div>
  <main>
    <header
      className="name-title"
    >
      <h1>
        Michael King-Stockton
      </h1>
      <p>
        Build 
        <strong>
          |
        </strong>
         Collaborate 
        <strong>
          |
        </strong>
         Care 
        <strong>
          |
        </strong>
         Repeat
      </p>
    </header>
    <ul>
      <a
        href="https://github.com/KStockton"
        key="1gWom9kcB"
      >
        <li>
          <i
            className="fab fa-github"
          />
        </li>
      </a>
      <a
        href="https://www.linkedin.com/in/michaelkingstockton/"
        key="2lJDYa1Cjb"
      >
        <li>
          <i
            className="fab fa-linkedin-in"
          />
        </li>
      </a>
      <a
        href="MichaelKS_Resume_2019.pdf"
        key="xHaAopLTyZ"
      >
        <li>
          <i
            className="far fa-file-pdf"
          />
        </li>
      </a>
      <a
        href="https://github.com/KStockton/my-portfolio/"
        key="xMnKnH0uuu"
      >
        <li>
          <i
            className="fas fa-code"
          />
        </li>
      </a>
    </ul>
    <section>
      <article
        id="projects0"
        key="MtYsXxijNe"
      >
        <h3
          className="card-title"
        >
          Synonyms
        </h3>
        <p>
          A Thesaurus in Vue
        </p>
        <ul
          className="project-links"
        >
          <a
            href="https://github.com/KStockton/Vue.js-Synonyms-v1"
            key="ncLBiGeM_L"
          >
            <li>
              <h4>
                Source
              </h4>
            </li>
          </a>
          <a
            href="https://thesaurus-challenge.herokuapp.com/"
          >
            <li>
              <h4>
                Live
              </h4>
            </li>
          </a>
        </ul>
      </article>
      <article
        id="projects1"
        key="q8PAWbnnCp"
      >
        <h3
          className="card-title"
        >
          Trapper Keeper
        </h3>
        <p>
          Create notes and list with Trapper Keeper
        </p>
        <ul
          className="project-links"
        >
          <a
            href="https://github.com/KStockton/Trapper-Keeper"
            key="bbwebYFjOK"
          >
            <li>
              <h4>
                Source
              </h4>
            </li>
          </a>
          <a
            href="https://trapper-keeper-front.herokuapp.com/"
          >
            <li>
              <h4>
                Live
              </h4>
            </li>
          </a>
        </ul>
      </article>
      <article
        id="projects2"
        key="vJ1qrGolxl"
      >
        <h3
          className="card-title"
        >
          News Wired
        </h3>
        <p>
          Keep up with the latest news
        </p>
        <ul
          className="project-links"
        >
          <a
            href="https://github.com/KStockton/Newswired"
            key="jLFkqaDgxc"
          >
            <li>
              <h4>
                Source
              </h4>
            </li>
          </a>
          <a
            href="https://news-wired.herokuapp.com/"
          >
            <li>
              <h4>
                Live
              </h4>
            </li>
          </a>
        </ul>
      </article>
      <article
        id="projects3"
        key="SXV30O_JuI"
      >
        <h3
          className="card-title"
        >
          Pocket Ramiro
        </h3>
        <p>
          Track issues and tickets for Facility Equipment
        </p>
        <ul
          className="project-links"
        >
          <a
            href="https://github.com/KStockton/pocket_ramiro_react"
            key="DA39hToUgF"
          >
            <li>
              <h4>
                Source
              </h4>
            </li>
          </a>
          <a
            href="https://pocket-ramiro-react.herokuapp.com/"
          >
            <li>
              <h4>
                Live
              </h4>
            </li>
          </a>
        </ul>
      </article>
      <article
        id="projects4"
        key="-QqAfEdWWA"
      >
        <h3
          className="card-title"
        >
          Movie Tracker
        </h3>
        <p>
          View and save the latest movies
        </p>
        <ul
          className="project-links"
        >
          <a
            href="https://github.com/KStockton/Movie-Tracker"
            key="llVyUYC0YG"
          >
            <li>
              <h4>
                Source
              </h4>
            </li>
          </a>
          <a
            href="https://movie-tracker-fe.herokuapp.com"
          >
            <li>
              <h4>
                Live
              </h4>
            </li>
          </a>
        </ul>
      </article>
      <article
        id="projects5"
        key="c5lholkOE1"
      >
        <h3
          className="card-title"
        >
          Climb On
        </h3>
        <p>
          View the closest climibing trails
        </p>
        <ul
          className="project-links"
        >
          <a
            href="https://github.com/KStockton/climb-on"
            key="xsHkbALaPm"
          >
            <li>
              <h4>
                Source
              </h4>
            </li>
          </a>
          <a
            href="https://kstockton.github.io/climb-on/"
          >
            <li>
              <h4>
                Live
              </h4>
            </li>
          </a>
        </ul>
      </article>
      <article
        id="projects6"
        key="Q69m6eq0S5v"
      >
        <h3
          className="card-title"
        >
          Backend NBA Draft 2019
        </h3>
        <p>
          NBA Draft Players and Teams in Express
        </p>
        <ul
          className="project-links"
        >
          <a
            href="https://github.com/KStockton/Build-Your-Own-Backend"
            key="AQ6rQvtruMr"
          >
            <li>
              <h4>
                Source
              </h4>
            </li>
          </a>
          <a
            href="https://nbadraft2019.herokuapp.com/"
          >
            <li>
              <h4>
                Live
              </h4>
            </li>
          </a>
        </ul>
      </article>
      <article
        id="projects7"
        key="BR8qxQFjLA-"
      >
        <h3
          className="card-title"
        >
          Swapi Box
        </h3>
        <p>
          Star Wars Characters, Vehicles and Planets
        </p>
        <ul
          className="project-links"
        >
          <a
            href="https://github.com/KStockton/swapi-box"
            key="2YKlg9B3hU1"
          >
            <li>
              <h4>
                Source
              </h4>
            </li>
          </a>
          <a
            href="https://kstockton.github.io/swapi-box/"
          >
            <li>
              <h4>
                Live
              </h4>
            </li>
          </a>
        </ul>
      </article>
    </section>
  </main>
  <Footer />
</div>
`;
